// Jest Snapshot v1, https://goo.gl/fbAQLP

exports[`Test presence of Quotes component renders the Quotes component correctly 1`] = `
Array [
  <div
    className="header"
  >
    <div>
      <h1
        className="header-title"
      >
        Math Magicians
      </h1>
    </div>
    <nav
      className="navigation"
    >
      <li
        className="navLink"
      >
        <a
          aria-current="page"
          className="link active"
          data-testid={1}
          href="/"
          onClick={[Function]}
        >
          Home
        </a>
      </li>
      <li
        className="navLink"
      >
        <a
          className="link"
          data-testid={2}
          href="/calculator"
          onClick={[Function]}
        >
          Calculator
        </a>
      </li>
      <li
        className="navLink"
      >
        <a
          className="link"
          data-testid={3}
          href="/quotes"
          onClick={[Function]}
        >
          Quotes
        </a>
      </li>
    </nav>
  </div>,
  <h3>
    Click the New Quote button to generate random quotes
  </h3>,
  <div
    className="quote-box"
  >
    <div
      className="inner-content"
    >
      <svg
        fill="currentColor"
        height="1em"
        stroke="currentColor"
        strokeWidth="0"
        style={
          Object {
            "color": "darkcyan",
            "fontSize": "30px",
            "marginTop": "2px",
          }
        }
        viewBox="0 0 512 512"
        width="1em"
        xmlns="http://www.w3.org/2000/svg"
      >
        <path
          d="M464 256h-80v-64c0-35.3 28.7-64 64-64h8c13.3 0 24-10.7 24-24V56c0-13.3-10.7-24-24-24h-8c-88.4 0-160 71.6-160 160v240c0 26.5 21.5 48 48 48h128c26.5 0 48-21.5 48-48V304c0-26.5-21.5-48-48-48zm-288 0H96v-64c0-35.3 28.7-64 64-64h8c13.3 0 24-10.7 24-24V56c0-13.3-10.7-24-24-24h-8C71.6 32 0 103.6 0 192v240c0 26.5 21.5 48 48 48h128c26.5 0 48-21.5 48-48V304c0-26.5-21.5-48-48-48z"
        />
      </svg>
      <p
        className="quote"
      >
        Life isn’t about getting and having, it’s about giving and being.
      </p>
      <p
        className="fst-italic text-end"
        id="author"
      >
         
        -
        Kevin Kruse
      </p>
    </div>
    <button
      className="quote-btn"
      id="new-quote"
      onClick={[Function]}
      type="button"
    >
      Get New Quote
    </button>
  </div>,
]
`;
